// Jest Snapshot v1, https://goo.gl/fbAQLP

exports[`App snapshot renders the loading screen 1`] = `null`;

exports[`App snapshot renders the root without loading screen 1`] = `
<View
  style={
    Object {
      "backgroundColor": "#2980b9",
      "flex": 1,
    }
  }
>
  <View
    style={
      Object {
        "alignItems": "center",
        "flex": 1,
        "justifyContent": "flex-start",
      }
    }
  >
    <View
      style={
        Object {
          "alignItems": "center",
          "justifyContent": "center",
          "marginBottom": 0,
          "marginTop": 100,
        }
      }
    >
      <Text
        style={
          Object {
            "color": "rgba(255,255,255, 0.50)",
            "fontFamily": "segoe-ui-light",
            "fontSize": 36,
            "textAlign": "center",
            "textTransform": "capitalize",
          }
        }
      >
        Welcome
      </Text>
      <Text
        style={
          Object {
            "color": "rgba(255,255,255, 0.50)",
            "fontFamily": "segoe-ui-light",
            "fontSize": 36,
            "textAlign": "center",
            "textTransform": "capitalize",
          }
        }
      >
        to
      </Text>
      <Text
        style={
          Object {
            "color": "rgba(255,255,255, 0.50)",
            "fontFamily": "segoe-ui-semibold",
            "fontSize": 60,
            "letterSpacing": 5,
            "textAlign": "center",
            "textShadowColor": "rgba(0, 0, 0, 0.33)",
            "textShadowOffset": Object {
              "height": 1,
              "width": -1,
            },
            "textShadowRadius": 5,
            "textTransform": "uppercase",
          }
        }
      >
        Veritas
      </Text>
    </View>
    <View
      style={
        Object {
          "alignItems": "center",
          "justifyContent": "center",
          "marginBottom": 0,
          "marginTop": 50,
        }
      }
    >
      <Image
        source={1}
        style={
          Object {
            "height": 150,
            "marginBottom": 30,
            "marginLeft": -10,
            "marginTop": 0,
            "resizeMode": "contain",
            "shadowColor": "#000",
            "shadowOffset": Object {
              "height": 2,
              "width": 0,
            },
            "shadowOpacity": 0.5,
            "shadowRadius": 1,
            "width": 180,
          }
        }
      />
    </View>
    <View
      style={
        Object {
          "alignItems": "center",
          "borderRadius": 30,
          "bottom": 10,
          "flex": 1,
          "justifyContent": "center",
          "paddingVertical": 20,
          "position": "absolute",
          "shadowColor": "black",
          "shadowOffset": Object {
            "height": -3,
          },
          "shadowOpacity": 0.2,
          "shadowRadius": 6,
        }
      }
    >
      <View
        style={
          Object {
            "alignItems": "center",
            "borderColor": "#fbfbfb",
            "borderRadius": 30,
            "borderStyle": "solid",
            "borderWidth": 2,
            "height": 60,
            "justifyContent": "center",
            "lineHeight": 60,
            "shadowColor": "black",
            "shadowOffset": Object {
              "height": -3,
            },
            "shadowOpacity": 0.1,
            "shadowRadius": 3,
            "transform": Array [
              Object {
                "scaleX": 1,
              },
              Object {
                "scaleY": 1,
              },
            ],
            "width": 60,
          }
        }
      >
        <View
          style={
            Array [
              false,
              false,
              false,
              Object {
                "alignItems": "center",
                "backgroundColor": "transparent",
                "justifyContent": "center",
              },
              undefined,
            ]
          }
          underlayColor="white"
        >
          <Text
            allowFontScaling={false}
            style={
              Array [
                Object {
                  "color": "#fbfbfb",
                  "fontSize": 36,
                },
                Array [
                  Object {
                    "backgroundColor": "transparent",
                  },
                  undefined,
                ],
                Object {
                  "fontFamily": "material",
                  "fontStyle": "normal",
                  "fontWeight": "normal",
                },
                Object {},
              ]
            }
          >
            îŒ•
          </Text>
        </View>
      </View>
    </View>
  </View>
</View>
`;
